Using pre-set license
Built from '2020.3/staging' branch; Version is '2020.3.22f1 (e1a7f79fd887) revision 14788599'; Using compiler version '192528614'; Build Type 'Release'
OS: 'Windows 10 Pro; OS build 26200.9168; Version 2009; 64bit' Language: 'ru' Physical Memory: 3863 MB
BatchMode: 1, IsHumanControllingUs: 0, StartBugReporterOnCrash: 0, Is64bit: 1, IsPro: 0

COMMAND LINE ARGUMENTS:
D:\Unity 2020.3.22f1\Editor\Unity.exe
-adb2
-batchMode
-noUpm
-name
AssetImportWorker11
-projectPath
D:/My Backups/TFF
-logFile
Logs/AssetImportWorker11.log
-srvPort
58622
Successfully changed project path to: D:/My Backups/TFF
D:/My Backups/TFF
Using Asset Import Pipeline V2.
Refreshing native plugins compatible for Editor in 93.28 ms, found 7 plugins.
Preloading 0 native plugins for Editor in 0.00 ms.
Initialize engine version: 2020.3.22f1 (e1a7f79fd887)
[Subsystems] Discovering subsystems at path D:/Unity 2020.3.22f1/Editor/Data/Resources/UnitySubsystems
[Subsystems] Discovering subsystems at path D:/My Backups/TFF/Assets
GfxDevice: creating device client; threaded=0
Direct3D:
    Version:  Direct3D 11.0 [level 11.1]
    Renderer: Intel(R) UHD Graphics (ID=0x8a56)
    Vendor:   
    VRAM:     1931 MB
    Driver:   31.0.101.2127
Initialize mono
Mono path[0] = 'D:/Unity 2020.3.22f1/Editor/Data/Managed'
Mono path[1] = 'D:/Unity 2020.3.22f1/Editor/Data/MonoBleedingEdge/lib/mono/unityjit'
Mono config path = 'D:/Unity 2020.3.22f1/Editor/Data/MonoBleedingEdge/etc'
Using monoOptions --debugger-agent=transport=dt_socket,embedding=1,server=y,suspend=n,address=127.0.0.1:56848
Begin MonoManager ReloadAssembly
Registering precompiled unity dll's ...
Register platform support module: D:/Unity 2020.3.22f1/Editor/Data/PlaybackEngines/WindowsStandaloneSupport/UnityEditor.WindowsStandalone.Extensions.dll
Registered in 0.003975 seconds.
Native extension for WindowsStandalone target not found
Refreshing native plugins compatible for Editor in 109.25 ms, found 7 plugins.
Preloading 0 native plugins for Editor in 0.00 ms.
Mono: successfully reloaded assembly
- Completed reload, in  1.340 seconds
Domain Reload Profiling:
	ReloadAssembly (1341ms)
		BeginReloadAssembly (71ms)
			ExecutionOrderSort (0ms)
			DisableScriptedObjects (0ms)
			BackupInstance (0ms)
			ReleaseScriptingObjects (0ms)
			CreateAndSetChildDomain (1ms)
		EndReloadAssembly (587ms)
			LoadAssemblies (64ms)
			RebuildTransferFunctionScriptingTraits (0ms)
			SetupTypeCache (157ms)
			ReleaseScriptCaches (0ms)
			RebuildScriptCaches (28ms)
			SetupLoadedEditorAssemblies (282ms)
				LogAssemblyErrors (0ms)
				InitializePlatformSupportModulesInManaged (5ms)
				SetLoadedEditorAssemblies (0ms)
				RefreshPlugins (109ms)
				BeforeProcessingInitializeOnLoad (15ms)
				ProcessInitializeOnLoadAttributes (107ms)
				ProcessInitializeOnLoadMethodAttributes (44ms)
				AfterProcessingInitializeOnLoad (0ms)
				EditorAssembliesLoaded (1ms)
			ExecutionOrderSort2 (0ms)
			AwakeInstancesAfterBackupRestoration (0ms)
Platform modules already initialized, skipping
Registering precompiled user dll's ...
Registered in 0.016569 seconds.
Begin MonoManager ReloadAssembly
Error: Could not load signature of NetMQ.GroupSocketExtensions:SendAsync due to: Could not load file or assembly 'System.Threading.Tasks.Extensions, Version=4.2.0.1, Culture=neutral, PublicKeyToken=cc7b13ffcd2ddd51' or one of its dependencies. assembly:System.Threading.Tasks.Extensions, Version=4.2.0.1, Culture=neutral, PublicKeyToken=cc7b13ffcd2ddd51 type:<unknown type> member:(null) signature:<none>
Unloading broken assembly Assets/Plugins/CodeAssist/Editor/ExternalReferences/NetMQ.dll, this assembly can cause crashes in the runtime
Native extension for WindowsStandalone target not found
Refreshing native plugins compatible for Editor in 234.59 ms, found 7 plugins.
Preloading 0 native plugins for Editor in 0.00 ms.
Mono: successfully reloaded assembly
- Completed reload, in  4.597 seconds
Domain Reload Profiling:
	ReloadAssembly (4643ms)
		BeginReloadAssembly (190ms)
			ExecutionOrderSort (0ms)
			DisableScriptedObjects (4ms)
			BackupInstance (0ms)
			ReleaseScriptingObjects (0ms)
			CreateAndSetChildDomain (49ms)
		EndReloadAssembly (4377ms)
			LoadAssemblies (1827ms)
			RebuildTransferFunctionScriptingTraits (0ms)
			SetupTypeCache (510ms)
			ReleaseScriptCaches (1ms)
			RebuildScriptCaches (121ms)
			SetupLoadedEditorAssemblies (1644ms)
				LogAssemblyErrors (0ms)
				InitializePlatformSupportModulesInManaged (4ms)
				SetLoadedEditorAssemblies (0ms)
				RefreshPlugins (235ms)
				BeforeProcessingInitializeOnLoad (170ms)
				ProcessInitializeOnLoadAttributes (1025ms)
				ProcessInitializeOnLoadMethodAttributes (195ms)
				AfterProcessingInitializeOnLoad (14ms)
				EditorAssembliesLoaded (0ms)
			ExecutionOrderSort2 (0ms)
			AwakeInstancesAfterBackupRestoration (7ms)
Platform modules already initialized, skipping
========================================================================
Worker process is ready to serve import requests
Launched and connected shader compiler UnityShaderCompiler.exe after 1.17 seconds
Refreshing native plugins compatible for Editor in 1.23 ms, found 7 plugins.
Preloading 0 native plugins for Editor in 0.00 ms.
Unloading 3844 Unused Serialized files (Serialized files now loaded: 0)
System memory in use before: 169.9 MB.
System memory in use after: 170.1 MB.

Unloading 42 unused Assets to reduce memory usage. Loaded Objects now: 4279.
Total: 4.543900 ms (FindLiveObjects: 0.406000 ms CreateObjectMapping: 0.136400 ms MarkObjects: 3.932900 ms  DeleteObjects: 0.066700 ms)

AssetImportParameters requested are different than current active one (requested -> active):
  custom:framework-win-MediaFoundation: 216162199b28c13a410421893ffa2e32 -> 
  custom:video-decoder-ogg-theora: a1e56fd34408186e4bbccfd4996cb3dc -> 
  custom:container-muxer-webm: aa71ff27fc2769a1b78a27578f13a17b -> 
  custom:container-demuxer-webm: 4f35f7cbe854078d1ac9338744f61a02 -> 
  custom:container-demuxer-ogg: 62fdf1f143b41e24485cea50d1cbac27 -> 
  custom:video-encoder-webm-vp8: eb34c28f22e8b96e1ab97ce403110664 -> 
  custom:video-decoder-webm-vp8: 9c59270c3fd7afecdb556c50c9e8de78 -> 
  custom:audio-decoder-ogg-vorbis: bf7c407c2cedff20999df2af8eb42d56 -> 
  custom:audio-encoder-webm-vorbis: bf7c407c2cedff20999df2af8eb42d56 -> 
========================================================================
Received Import Request.
  path: Assets/sprites/misc/strong_slashes.png
  artifactKey: Guid(49da826faac10cb4fbceaf6a3105ee8d) Importer(815301076,1909f56bfc062723c751e8b465ee728b)
Start importing Assets/sprites/misc/strong_slashes.png using Guid(49da826faac10cb4fbceaf6a3105ee8d) Importer(815301076,1909f56bfc062723c751e8b465ee728b)  -> (artifact id: 'a7b9bd97de702ab0b7ea99a248f3a907') in 2.598109 seconds 
  Import took 2.925089 seconds .

========================================================================
Received Import Request.
  Time since last request: 0.000285 seconds.
  path: Assets/sprites/misc/hitmarks.png
  artifactKey: Guid(eca089c0d05385b46bd281251c8194b5) Importer(815301076,1909f56bfc062723c751e8b465ee728b)
Start importing Assets/sprites/misc/hitmarks.png using Guid(eca089c0d05385b46bd281251c8194b5) Importer(815301076,1909f56bfc062723c751e8b465ee728b)  -> (artifact id: 'bd0d5aa5e9195bfefb49b9c5c70e4459') in 0.290908 seconds 
  Import took 0.353019 seconds .

========================================================================
Received Import Request.
  Time since last request: 0.000266 seconds.
  path: Assets/sprites/misc/Slashes.png
  artifactKey: Guid(7647e8777213e3240b8b3e33f057c017) Importer(815301076,1909f56bfc062723c751e8b465ee728b)
Start importing Assets/sprites/misc/Slashes.png using Guid(7647e8777213e3240b8b3e33f057c017) Importer(815301076,1909f56bfc062723c751e8b465ee728b)  -> (artifact id: 'eb3b13b7c9e1a924d47aa48e16a27014') in 0.157805 seconds 
  Import took 0.338153 seconds .

========================================================================
Received Import Request.
  Time since last request: 0.000289 seconds.
  path: Assets/sprites/misc/strong_hitmarks.png
  artifactKey: Guid(d28caf09933e4754e84bd007dd53d12f) Importer(815301076,1909f56bfc062723c751e8b465ee728b)
Start importing Assets/sprites/misc/strong_hitmarks.png using Guid(d28caf09933e4754e84bd007dd53d12f) Importer(815301076,1909f56bfc062723c751e8b465ee728b)  -> (artifact id: '1422c66ec35f73dff03e45d69bd40870') in 0.183942 seconds 
  Import took 0.415865 seconds .

========================================================================
Received Import Request.
  Time since last request: 0.000365 seconds.
  path: Assets/sprites/misc/strong_charge.png
  artifactKey: Guid(e566b983a860ca34eafa42687a36f009) Importer(815301076,1909f56bfc062723c751e8b465ee728b)
Start importing Assets/sprites/misc/strong_charge.png using Guid(e566b983a860ca34eafa42687a36f009) Importer(815301076,1909f56bfc062723c751e8b465ee728b)  -> (artifact id: '76dff3b15e48ab24b43b7c7e3988b227') in 0.195071 seconds 
  Import took 0.353492 seconds .

========================================================================
Received Import Request.
  Time since last request: 0.000407 seconds.
  path: Assets/sprites/misc/enemy_spawn.png
  artifactKey: Guid(37862a44ef9ae2845a9399b0fa4f0af4) Importer(815301076,1909f56bfc062723c751e8b465ee728b)
Start importing Assets/sprites/misc/enemy_spawn.png using Guid(37862a44ef9ae2845a9399b0fa4f0af4) Importer(815301076,1909f56bfc062723c751e8b465ee728b)  -> (artifact id: 'a0e4fce5eb636a78e5a17a6e541b0b5e') in 0.178249 seconds 
  Import took 0.391743 seconds .

========================================================================
Received Import Request.
  Time since last request: 1338.652764 seconds.
  path: Assets/animations/player 4.controller
  artifactKey: Guid(347cb5cda8b665f41a9d4d4530c74d10) Importer(815301076,1909f56bfc062723c751e8b465ee728b)
Start importing Assets/animations/player 4.controller using Guid(347cb5cda8b665f41a9d4d4530c74d10) Importer(815301076,1909f56bfc062723c751e8b465ee728b)  -> (artifact id: '6adb6e5394f8d4d2157be66be1911f18') in 0.297065 seconds 
  Import took 0.723120 seconds .

========================================================================
Received Import Request.
  Time since last request: 6.477156 seconds.
  path: Assets/animations/hand2.controller
  artifactKey: Guid(e1ce6aeab2376d84d8ec33906a514df8) Importer(815301076,1909f56bfc062723c751e8b465ee728b)
Start importing Assets/animations/hand2.controller using Guid(e1ce6aeab2376d84d8ec33906a514df8) Importer(815301076,1909f56bfc062723c751e8b465ee728b)  -> (artifact id: 'c1956c7f3f309726a28578c68db2bca3') in 0.131515 seconds 
  Import took 0.391261 seconds .

========================================================================
Received Prepare
Registering precompiled user dll's ...
Registered in 2.354294 seconds.
Begin MonoManager ReloadAssembly
Error: Could not load signature of NetMQ.GroupSocketExtensions:SendAsync due to: Could not load file or assembly 'System.Threading.Tasks.Extensions, Version=4.2.0.1, Culture=neutral, PublicKeyToken=cc7b13ffcd2ddd51' or one of its dependencies. assembly:System.Threading.Tasks.Extensions, Version=4.2.0.1, Culture=neutral, PublicKeyToken=cc7b13ffcd2ddd51 type:<unknown type> member:(null) signature:<none>
Unloading broken assembly Assets/Plugins/CodeAssist/Editor/ExternalReferences/NetMQ.dll, this assembly can cause crashes in the runtime
Native extension for WindowsStandalone target not found
Refreshing native plugins compatible for Editor in 204.94 ms, found 7 plugins.
Preloading 0 native plugins for Editor in 0.00 ms.
Mono: successfully reloaded assembly
- Completed reload, in 114.730 seconds
Domain Reload Profiling:
	ReloadAssembly (118323ms)
		BeginReloadAssembly (83205ms)
			ExecutionOrderSort (0ms)
			DisableScriptedObjects (16960ms)
			BackupInstance (0ms)
			ReleaseScriptingObjects (211ms)
			CreateAndSetChildDomain (42690ms)
		EndReloadAssembly (28696ms)
			LoadAssemblies (12872ms)
			RebuildTransferFunctionScriptingTraits (43ms)
			SetupTypeCache (8641ms)
			ReleaseScriptCaches (11ms)
			RebuildScriptCaches (742ms)
			SetupLoadedEditorAssemblies (8356ms)
				LogAssemblyErrors (0ms)
				InitializePlatformSupportModulesInManaged (548ms)
				SetLoadedEditorAssemblies (120ms)
				RefreshPlugins (205ms)
				BeforeProcessingInitializeOnLoad (1730ms)
				ProcessInitializeOnLoadAttributes (5638ms)
				ProcessInitializeOnLoadMethodAttributes (102ms)
				AfterProcessingInitializeOnLoad (12ms)
				EditorAssembliesLoaded (0ms)
			ExecutionOrderSort2 (0ms)
			AwakeInstancesAfterBackupRestoration (152ms)
Platform modules already initialized, skipping
Refreshing native plugins compatible for Editor in 1.33 ms, found 7 plugins.
Preloading 0 native plugins for Editor in 0.00 ms.
Unloading 3682 Unused Serialized files (Serialized files now loaded: 0)
System memory in use before: 160.6 MB.
System memory in use after: 160.9 MB.

Unloading 32 unused Assets to reduce memory usage. Loaded Objects now: 4294.
Total: 654.293300 ms (FindLiveObjects: 74.025400 ms CreateObjectMapping: 0.629500 ms MarkObjects: 567.348200 ms  DeleteObjects: 12.286000 ms)

AssetImportParameters requested are different than current active one (requested -> active):
  custom:framework-win-MediaFoundation: 216162199b28c13a410421893ffa2e32 -> 
  custom:video-decoder-ogg-theora: a1e56fd34408186e4bbccfd4996cb3dc -> 
  custom:container-muxer-webm: aa71ff27fc2769a1b78a27578f13a17b -> 
  custom:container-demuxer-webm: 4f35f7cbe854078d1ac9338744f61a02 -> 
  custom:container-demuxer-ogg: 62fdf1f143b41e24485cea50d1cbac27 -> 
  custom:video-encoder-webm-vp8: eb34c28f22e8b96e1ab97ce403110664 -> 
  custom:video-decoder-webm-vp8: 9c59270c3fd7afecdb556c50c9e8de78 -> 
  custom:audio-decoder-ogg-vorbis: bf7c407c2cedff20999df2af8eb42d56 -> 
  custom:audio-encoder-webm-vorbis: bf7c407c2cedff20999df2af8eb42d56 -> 
========================================================================
Received Prepare
Registering precompiled user dll's ...
Registered in 0.971662 seconds.
Begin MonoManager ReloadAssembly
Error: Could not load signature of NetMQ.GroupSocketExtensions:SendAsync due to: Could not load file or assembly 'System.Threading.Tasks.Extensions, Version=4.2.0.1, Culture=neutral, PublicKeyToken=cc7b13ffcd2ddd51' or one of its dependencies. assembly:System.Threading.Tasks.Extensions, Version=4.2.0.1, Culture=neutral, PublicKeyToken=cc7b13ffcd2ddd51 type:<unknown type> member:(null) signature:<none>
Unloading broken assembly Assets/Plugins/CodeAssist/Editor/ExternalReferences/NetMQ.dll, this assembly can cause crashes in the runtime
Native extension for WindowsStandalone target not found
Refreshing native plugins compatible for Editor in 1.01 ms, found 7 plugins.
Preloading 0 native plugins for Editor in 0.00 ms.
Mono: successfully reloaded assembly
- Completed reload, in 12.210 seconds
Domain Reload Profiling:
	ReloadAssembly (12398ms)
		BeginReloadAssembly (2770ms)
			ExecutionOrderSort (0ms)
			DisableScriptedObjects (140ms)
			BackupInstance (0ms)
			ReleaseScriptingObjects (0ms)
			CreateAndSetChildDomain (1641ms)
		EndReloadAssembly (8829ms)
			LoadAssemblies (6852ms)
			RebuildTransferFunctionScriptingTraits (0ms)
			SetupTypeCache (817ms)
			ReleaseScriptCaches (2ms)
			RebuildScriptCaches (143ms)
			SetupLoadedEditorAssemblies (1092ms)
				LogAssemblyErrors (0ms)
				InitializePlatformSupportModulesInManaged (6ms)
				SetLoadedEditorAssemblies (1ms)
				RefreshPlugins (1ms)
				BeforeProcessingInitializeOnLoad (181ms)
				ProcessInitializeOnLoadAttributes (864ms)
				ProcessInitializeOnLoadMethodAttributes (6ms)
				AfterProcessingInitializeOnLoad (32ms)
				EditorAssembliesLoaded (0ms)
			ExecutionOrderSort2 (0ms)
			AwakeInstancesAfterBackupRestoration (12ms)
Platform modules already initialized, skipping
Refreshing native plugins compatible for Editor in 0.91 ms, found 7 plugins.
Preloading 0 native plugins for Editor in 0.00 ms.
Unloading 3682 Unused Serialized files (Serialized files now loaded: 0)
System memory in use before: 160.7 MB.
System memory in use after: 160.9 MB.

Unloading 32 unused Assets to reduce memory usage. Loaded Objects now: 4296.
Total: 15.487400 ms (FindLiveObjects: 0.402700 ms CreateObjectMapping: 0.153900 ms MarkObjects: 3.550600 ms  DeleteObjects: 11.377700 ms)

AssetImportParameters requested are different than current active one (requested -> active):
  custom:framework-win-MediaFoundation: 216162199b28c13a410421893ffa2e32 -> 
  custom:video-decoder-ogg-theora: a1e56fd34408186e4bbccfd4996cb3dc -> 
  custom:container-muxer-webm: aa71ff27fc2769a1b78a27578f13a17b -> 
  custom:container-demuxer-webm: 4f35f7cbe854078d1ac9338744f61a02 -> 
  custom:container-demuxer-ogg: 62fdf1f143b41e24485cea50d1cbac27 -> 
  custom:video-encoder-webm-vp8: eb34c28f22e8b96e1ab97ce403110664 -> 
  custom:video-decoder-webm-vp8: 9c59270c3fd7afecdb556c50c9e8de78 -> 
  custom:audio-decoder-ogg-vorbis: bf7c407c2cedff20999df2af8eb42d56 -> 
  custom:audio-encoder-webm-vorbis: bf7c407c2cedff20999df2af8eb42d56 -> 
========================================================================
Received Prepare
Registering precompiled user dll's ...
Registered in 7.071026 seconds.
Begin MonoManager ReloadAssembly
Error: Could not load signature of NetMQ.GroupSocketExtensions:SendAsync due to: Could not load file or assembly 'System.Threading.Tasks.Extensions, Version=4.2.0.1, Culture=neutral, PublicKeyToken=cc7b13ffcd2ddd51' or one of its dependencies. assembly:System.Threading.Tasks.Extensions, Version=4.2.0.1, Culture=neutral, PublicKeyToken=cc7b13ffcd2ddd51 type:<unknown type> member:(null) signature:<none>
Unloading broken assembly Assets/Plugins/CodeAssist/Editor/ExternalReferences/NetMQ.dll, this assembly can cause crashes in the runtime
Native extension for WindowsStandalone target not found
Refreshing native plugins compatible for Editor in 522.73 ms, found 7 plugins.
Preloading 0 native plugins for Editor in 0.00 ms.
Mono: successfully reloaded assembly
- Completed reload, in 89.195 seconds
Domain Reload Profiling:
	ReloadAssembly (90925ms)
		BeginReloadAssembly (58232ms)
			ExecutionOrderSort (0ms)
			DisableScriptedObjects (5051ms)
			BackupInstance (0ms)
			ReleaseScriptingObjects (216ms)
			CreateAndSetChildDomain (41909ms)
		EndReloadAssembly (29887ms)
			LoadAssemblies (9815ms)
			RebuildTransferFunctionScriptingTraits (83ms)
			SetupTypeCache (10053ms)
			ReleaseScriptCaches (258ms)
			RebuildScriptCaches (388ms)
			SetupLoadedEditorAssemblies (9742ms)
				LogAssemblyErrors (0ms)
				InitializePlatformSupportModulesInManaged (733ms)
				SetLoadedEditorAssemblies (98ms)
				RefreshPlugins (523ms)
				BeforeProcessingInitializeOnLoad (949ms)
				ProcessInitializeOnLoadAttributes (7306ms)
				ProcessInitializeOnLoadMethodAttributes (69ms)
				AfterProcessingInitializeOnLoad (12ms)
				EditorAssembliesLoaded (50ms)
			ExecutionOrderSort2 (0ms)
			AwakeInstancesAfterBackupRestoration (222ms)
Platform modules already initialized, skipping
Refreshing native plugins compatible for Editor in 1.15 ms, found 7 plugins.
Preloading 0 native plugins for Editor in 0.00 ms.
Unloading 3682 Unused Serialized files (Serialized files now loaded: 0)
System memory in use before: 160.7 MB.
System memory in use after: 161.0 MB.

Unloading 32 unused Assets to reduce memory usage. Loaded Objects now: 4298.
Total: 440.165500 ms (FindLiveObjects: 0.435300 ms CreateObjectMapping: 0.148500 ms MarkObjects: 439.341600 ms  DeleteObjects: 0.236300 ms)

AssetImportParameters requested are different than current active one (requested -> active):
  custom:framework-win-MediaFoundation: 216162199b28c13a410421893ffa2e32 -> 
  custom:video-decoder-ogg-theora: a1e56fd34408186e4bbccfd4996cb3dc -> 
  custom:container-muxer-webm: aa71ff27fc2769a1b78a27578f13a17b -> 
  custom:container-demuxer-webm: 4f35f7cbe854078d1ac9338744f61a02 -> 
  custom:container-demuxer-ogg: 62fdf1f143b41e24485cea50d1cbac27 -> 
  custom:video-encoder-webm-vp8: eb34c28f22e8b96e1ab97ce403110664 -> 
  custom:video-decoder-webm-vp8: 9c59270c3fd7afecdb556c50c9e8de78 -> 
  custom:audio-decoder-ogg-vorbis: bf7c407c2cedff20999df2af8eb42d56 -> 
  custom:audio-encoder-webm-vorbis: bf7c407c2cedff20999df2af8eb42d56 -> 
========================================================================
Received Prepare
Registering precompiled user dll's ...
Registered in 1.476318 seconds.
Begin MonoManager ReloadAssembly
Error: Could not load signature of NetMQ.GroupSocketExtensions:SendAsync due to: Could not load file or assembly 'System.Threading.Tasks.Extensions, Version=4.2.0.1, Culture=neutral, PublicKeyToken=cc7b13ffcd2ddd51' or one of its dependencies. assembly:System.Threading.Tasks.Extensions, Version=4.2.0.1, Culture=neutral, PublicKeyToken=cc7b13ffcd2ddd51 type:<unknown type> member:(null) signature:<none>
Unloading broken assembly Assets/Plugins/CodeAssist/Editor/ExternalReferences/NetMQ.dll, this assembly can cause crashes in the runtime
Native extension for WindowsStandalone target not found
Refreshing native plugins compatible for Editor in 0.88 ms, found 7 plugins.
Preloading 0 native plugins for Editor in 0.00 ms.
Mono: successfully reloaded assembly
- Completed reload, in 10.478 seconds
Domain Reload Profiling:
	ReloadAssembly (10479ms)
		BeginReloadAssembly (496ms)
			ExecutionOrderSort (0ms)
			DisableScriptedObjects (33ms)
			BackupInstance (0ms)
			ReleaseScriptingObjects (0ms)
			CreateAndSetChildDomain (70ms)
		EndReloadAssembly (9906ms)
			LoadAssemblies (4243ms)
			RebuildTransferFunctionScriptingTraits (0ms)
			SetupTypeCache (1579ms)
			ReleaseScriptCaches (2ms)
			RebuildScriptCaches (50ms)
			SetupLoadedEditorAssemblies (2807ms)
				LogAssemblyErrors (0ms)
				InitializePlatformSupportModulesInManaged (72ms)
				SetLoadedEditorAssemblies (0ms)
				RefreshPlugins (1ms)
				BeforeProcessingInitializeOnLoad (152ms)
				ProcessInitializeOnLoadAttributes (2562ms)
				ProcessInitializeOnLoadMethodAttributes (7ms)
				AfterProcessingInitializeOnLoad (12ms)
				EditorAssembliesLoaded (0ms)
			ExecutionOrderSort2 (0ms)
			AwakeInstancesAfterBackupRestoration (11ms)
Platform modules already initialized, skipping
Refreshing native plugins compatible for Editor in 1.25 ms, found 7 plugins.
Preloading 0 native plugins for Editor in 0.00 ms.
Unloading 3682 Unused Serialized files (Serialized files now loaded: 0)
System memory in use before: 160.7 MB.
System memory in use after: 161.0 MB.

Unloading 32 unused Assets to reduce memory usage. Loaded Objects now: 4300.
Total: 16.104700 ms (FindLiveObjects: 0.428400 ms CreateObjectMapping: 0.146500 ms MarkObjects: 3.994800 ms  DeleteObjects: 11.532700 ms)

AssetImportParameters requested are different than current active one (requested -> active):
  custom:framework-win-MediaFoundation: 216162199b28c13a410421893ffa2e32 -> 
  custom:video-decoder-ogg-theora: a1e56fd34408186e4bbccfd4996cb3dc -> 
  custom:container-muxer-webm: aa71ff27fc2769a1b78a27578f13a17b -> 
  custom:container-demuxer-webm: 4f35f7cbe854078d1ac9338744f61a02 -> 
  custom:container-demuxer-ogg: 62fdf1f143b41e24485cea50d1cbac27 -> 
  custom:video-encoder-webm-vp8: eb34c28f22e8b96e1ab97ce403110664 -> 
  custom:video-decoder-webm-vp8: 9c59270c3fd7afecdb556c50c9e8de78 -> 
  custom:audio-decoder-ogg-vorbis: bf7c407c2cedff20999df2af8eb42d56 -> 
  custom:audio-encoder-webm-vorbis: bf7c407c2cedff20999df2af8eb42d56 -> 
========================================================================
Received Prepare
Registering precompiled user dll's ...
Registered in 0.859880 seconds.
Begin MonoManager ReloadAssembly
Error: Could not load signature of NetMQ.GroupSocketExtensions:SendAsync due to: Could not load file or assembly 'System.Threading.Tasks.Extensions, Version=4.2.0.1, Culture=neutral, PublicKeyToken=cc7b13ffcd2ddd51' or one of its dependencies. assembly:System.Threading.Tasks.Extensions, Version=4.2.0.1, Culture=neutral, PublicKeyToken=cc7b13ffcd2ddd51 type:<unknown type> member:(null) signature:<none>
Unloading broken assembly Assets/Plugins/CodeAssist/Editor/ExternalReferences/NetMQ.dll, this assembly can cause crashes in the runtime
Native extension for WindowsStandalone target not found
Refreshing native plugins compatible for Editor in 0.95 ms, found 7 plugins.
Preloading 0 native plugins for Editor in 0.00 ms.
Mono: successfully reloaded assembly
- Completed reload, in 28.663 seconds
Domain Reload Profiling:
	ReloadAssembly (28955ms)
		BeginReloadAssembly (13327ms)
			ExecutionOrderSort (0ms)
			DisableScriptedObjects (1865ms)
			BackupInstance (0ms)
			ReleaseScriptingObjects (45ms)
			CreateAndSetChildDomain (7870ms)
		EndReloadAssembly (14822ms)
			LoadAssemblies (8230ms)
			RebuildTransferFunctionScriptingTraits (28ms)
			SetupTypeCache (2324ms)
			ReleaseScriptCaches (21ms)
			RebuildScriptCaches (122ms)
			SetupLoadedEditorAssemblies (3555ms)
				LogAssemblyErrors (0ms)
				InitializePlatformSupportModulesInManaged (59ms)
				SetLoadedEditorAssemblies (16ms)
				RefreshPlugins (1ms)
				BeforeProcessingInitializeOnLoad (1169ms)
				ProcessInitializeOnLoadAttributes (2247ms)
				ProcessInitializeOnLoadMethodAttributes (49ms)
				AfterProcessingInitializeOnLoad (12ms)
				EditorAssembliesLoaded (0ms)
			ExecutionOrderSort2 (0ms)
			AwakeInstancesAfterBackupRestoration (33ms)
Platform modules already initialized, skipping
Refreshing native plugins compatible for Editor in 1.08 ms, found 7 plugins.
Preloading 0 native plugins for Editor in 0.00 ms.
Unloading 3682 Unused Serialized files (Serialized files now loaded: 0)
System memory in use before: 160.8 MB.
System memory in use after: 161.0 MB.

Unloading 32 unused Assets to reduce memory usage. Loaded Objects now: 4302.
Total: 5.328300 ms (FindLiveObjects: 0.456600 ms CreateObjectMapping: 0.150900 ms MarkObjects: 4.613300 ms  DeleteObjects: 0.105500 ms)

AssetImportParameters requested are different than current active one (requested -> active):
  custom:framework-win-MediaFoundation: 216162199b28c13a410421893ffa2e32 -> 
  custom:video-decoder-ogg-theora: a1e56fd34408186e4bbccfd4996cb3dc -> 
  custom:container-muxer-webm: aa71ff27fc2769a1b78a27578f13a17b -> 
  custom:container-demuxer-webm: 4f35f7cbe854078d1ac9338744f61a02 -> 
  custom:container-demuxer-ogg: 62fdf1f143b41e24485cea50d1cbac27 -> 
  custom:video-encoder-webm-vp8: eb34c28f22e8b96e1ab97ce403110664 -> 
  custom:video-decoder-webm-vp8: 9c59270c3fd7afecdb556c50c9e8de78 -> 
  custom:audio-decoder-ogg-vorbis: bf7c407c2cedff20999df2af8eb42d56 -> 
  custom:audio-encoder-webm-vorbis: bf7c407c2cedff20999df2af8eb42d56 -> 
